// Jest Snapshot v1, https://goo.gl/fbAQLP

exports[`<Profile /> matches snapshot 1`] = `
<div>
  <div>
    <b>
      duruops
    </b>
     
    <span>
      (
      강두루
      )
    </span>
  </div>
</div>
`;
